// Jest Snapshot v1, https://goo.gl/fbAQLP

exports[`Counter decreases correctly 1`] = `
<div>
  <h1>
    카운터
  </h1>
  <h2>
    1
  </h2>
  <div>
    <Button
      className="increase"
      label="+"
      onClick={[Function]}
      type="button"
    />
    <Button
      className="decrease"
      label="-"
      onClick={[Function]}
      type="button"
    />
  </div>
</div>
`;

exports[`Counter increases correctly 1`] = `
<div>
  <h1>
    카운터
  </h1>
  <h2>
    2
  </h2>
  <div>
    <Button
      className="increase"
      label="+"
      onClick={[Function]}
      type="button"
    />
    <Button
      className="decrease"
      label="-"
      onClick={[Function]}
      type="button"
    />
  </div>
</div>
`;

exports[`Counter matches snapshot 1`] = `
<div>
  <h1>
    카운터
  </h1>
  <h2>
    0
  </h2>
  <div>
    <Button
      className="increase"
      label="+"
      onClick={[Function]}
      type="button"
    />
    <Button
      className="decrease"
      label="-"
      onClick={[Function]}
      type="button"
    />
  </div>
</div>
`;
